[backblue.gif]
[fade.gif]
[index.html]
[www.spacex.com/static/images/share.jpg]
[www.spacex.com/static/deps-min.js]
[www.spacex.com/static/player-min.js]
[www.spacex.com/static/simplex-noise-min.js]
[www.spacex.com/static/ramda.min.js]
[www.spacex.com/static/core-min.js]
[www.spacex.com/static/infographics-min.js]
[www.spacex.com/human-spaceflight/mars/index.html]
[www.spacex.com/fonts/D-DIN.woff2]
[www.spacex.com/fonts/D-DIN.woff]
[www.spacex.com/fonts/D-DIN.otf]
[www.spacex.com/fonts/D-DIN-Bold.woff2]
[www.spacex.com/fonts/D-DIN-Bold.woff]
[www.spacex.com/fonts/D-DIN-Bold.otf]
[www.spacex.com/static/images/backgrounds/human_spaceflight_iss.jpg]
[www.spacex.com/static/images/backgrounds/human_spaceflight_earth.jpg]
[www.spacex.com/static/images/backgrounds/human_spaceflight_moon.jpg]
[www.spacex.com/static/images/backgrounds/human_spaceflight_mars.jpg]
[www.spacex.com/static/images/backgrounds/human_spaceflight_earth-mobile.jpg]
[www.spacex.com/static/images/backgrounds/human_spaceflight_iss-mobile.jpg]
[www.spacex.com/static/images/backgrounds/human_spaceflight_moon-mobile.jpg]
[www.spacex.com/static/images/backgrounds/human_spaceflight_mars-mobile.jpg]
[www.spacex.com/style.min.css]
